[debug] [2025-05-21T21:51:49.659Z] ----------------------------------------------------------------------
[debug] [2025-05-21T21:51:49.661Z] Command:       C:\Program Files\nodejs\node.exe C:\Users\Vitor\AppData\Roaming\npm\node_modules\firebase-tools\lib\bin\firebase.js init
[debug] [2025-05-21T21:51:49.661Z] CLI Version:   14.4.0
[debug] [2025-05-21T21:51:49.661Z] Platform:      win32
[debug] [2025-05-21T21:51:49.661Z] Node Version:  v22.15.0
[debug] [2025-05-21T21:51:49.662Z] Time:          Wed May 21 2025 18:51:49 GMT-0300 (Horário Padrão de Brasília)
[debug] [2025-05-21T21:51:49.662Z] ----------------------------------------------------------------------
[debug] 
[debug] [2025-05-21T21:51:49.835Z] > command requires scopes: ["email","openid","https://www.googleapis.com/auth/cloudplatformprojects.readonly","https://www.googleapis.com/auth/firebase","https://www.googleapis.com/auth/cloud-platform"]
[debug] [2025-05-21T21:51:49.835Z] > authorizing via signed-in user (tonyblackberry2@gmail.com)
[info] 
     ######## #### ########  ######## ########     ###     ######  ########
     ##        ##  ##     ## ##       ##     ##  ##   ##  ##       ##
     ######    ##  ########  ######   ########  #########  ######  ######
     ##        ##  ##    ##  ##       ##     ## ##     ##       ## ##
     ##       #### ##     ## ######## ########  ##     ##  ######  ########

You're about to initialize a Firebase project in this directory:

  C:\Users\Vitor

Before we get started, keep in mind:

  * You are initializing within an existing Firebase project directory

